[soap2day-online.com/index.html]
[backblue.gif]
[fade.gif]
[index.html]
[soap2day-online.com/wp-includes/css/dist/block-library/style.min6a4d.css]
[soap2day-online.com/wp-includes/css/classic-themes.min68b3.css]
[soap2day-online.com/wp-content/uploads/favicon.png]
[soap2day-online.com/indexd41d.html]
[soap2day-online.com/wp-includes/wlwmanifest.xml]
[soap2day-online.com/index.html]
[soap2day-online.com/indexd41d.html]
[soap2day-online.com/wp-content/themes/PsyPlay/css/bootstrap.min7e0c.css]
[soap2day-online.com/wp-content/plugins/wordpress-popular-posts/assets/js/wpp.min6a4d.js]
[soap2day-online.com/wp-content/themes/PsyPlay/js/simple-likes-public6a79.js]
[soap2day-online.com/wp-content/themes/PsyPlay/js/jquery.lazyload4281.js]
[soap2day-online.com/wp-content/themes/PsyPlay/js/jquery.qtip.min4281.js]
[soap2day-online.com/wp-content/themes/PsyPlay/images/survey.22.delayed]
[soap2day-online.com/wp-content/themes/PsyPlay/js/jquery.cookie4281.js]
[soap2day-online.com/wp-content/themes/PsyPlay/js/detectmobilebrowser0378.js]
[soap2day-online.com/wp-content/themes/PsyPlay/js/psyplay.custom.min4281.js]
[soap2day-online.com/wp-content/themes/PsyPlay/images/app-bg.jpg]
[soap2day-online.com/wp-content/themes/PsyPlay/js/jquery.idTabs.min4281.js]
[soap2day-online.com/wp-content/themes/PsyPlay/js/owl.carousel4281.js]
[soap2day-online.com/wp-content/themes/PsyPlay/images/donate.jpg]
[soap2day-online.com/wp-content/uploads/soap2day-online-logo2.png]
[soap2day-online.com/wp-content/themes/PsyPlay/css/main01c0.css]
[soap2day-online.com/wp-content/themes/PsyPlay/images/btn-overlay-blue.png]
[soap2day-online.com/wp-content/uploads/soap2day-online-logo2-3.png]
[soap2day-online.com/wp-content/themes/PsyPlay/images/wait.png]
[soap2day-online.com/wp-content/plugins/flying-pages/flying-pages.min2f91.js]
[soap2day-online.com/wp-content/plugins/wp-postratings/images/stars_png/rating_over.png]
[soap2day-online.com/wp-content/plugins/wp-postratings/js/postratings-js096b.js]
[soap2day-online.com/wp-content/themes/PsyPlay/js/user-login.js]
[soap2day-online.com/wp-content/themes/PsyPlay/images/arrow-left.png]
[s7.addthis.com/js/300/addthis_widget6a4d.js]
[soap2day-online.com/wp-content/themes/PsyPlay/js/live.search4281.js]
[inklinkor.com/tag.min.js]
[soap2day-online.com/wp-content/themes/PsyPlay/images/arrow-right.png]
[soap2day-online.com/wp-content/themes/PsyPlay/images/mask-title.png]
[soap2day-online.com/wp-content/themes/PsyPlay/images/btn-overlay.png]
[soap2day-online.com/wp-content/themes/PsyPlay/images/darrowdown.png]
[mc.yandex.ru/metrika/tag.js]
[soap2day-online.com/wp-content/themes/PsyPlay/images/btn-play.png]
[soap2day-online.com/wp-content/themes/PsyPlay/images/404.jpg]
[soap2day-online.com/wp-content/themes/PsyPlay/images/darrowup.34.delayed]
[soap2day-online.com/wp-content/themes/PsyPlay/images/subc-email.png]
[soap2day-online.com/wp-content/themes/PsyPlay/images/subc-pattern.png]
[soap2day-online.com/wp-content/themes/PsyPlay/images/letter-pattern.png]
[soap2day-online.com/wp-content/themes/PsyPlay/images/subs-icon.png]
[soap2day-online.com/wp-content/themes/PsyPlay/images/arrowdown.35.delayed]
[soap2day-online.com/wp-content/themes/PsyPlay/images/flags.png]
[soap2day-online.com/wp-content/themes/PsyPlay/images/telegram1.png]
[soap2day-online.com/wp-content/themes/PsyPlay/images/fff.png]
[soap2day-online.com/wp-content/themes/PsyPlay/images/arrowup.png]
[soap2day-online.com/wp-content/themes/PsyPlay/css/jquery.cluetip4281.css]
[soap2day-online.com/wp-content/themes/PsyPlay/css/jquery.qtip.min4281.css]
[soap2day-online.com/wp-content/themes/PsyPlay/css/custom4584.css]
[soap2day-online.com/wp-content/themes/PsyPlay/css/slide4281.css]
[soap2day-online.com/wp-includes/css/dist/block-library/style.min6a4d.css]
[soap2day-online.com/wp-includes/css/classic-themes.min68b3.css]
[soap2day-online.com/wp-content/plugins/wp-postratings/css/postratings-css096b.css]
[soap2day-online.com/wp-content/plugins/wordpress-popular-posts/assets/css/wpp6a4d.css]
[soap2day-online.com/wp-content/plugins/addthis/frontend/build/addthis_wordpress_public.min6a4d.css]
[soap2day-online.com/wp-content/themes/PsyPlay/assets/img/searcher.svg]
[soap2day-online.com/soap2day-online-2022/index.html]
[soap2day-online.com/wp-content/themes/PsyPlay/images/survey.html]
[soap2day-online.com/wp-content/themes/PsyPlay/images/app-bg.html]
[soap2day-online.com/wp-content/themes/PsyPlay/images/donate.html]
[soap2day-online.com/wp-content/themes/PsyPlay/images/wait.html]
[soap2day-online.com/wp-content/themes/PsyPlay/images/arrow-left.html]
[soap2day-online.com/wp-content/themes/PsyPlay/images/arrow-right.html]
[soap2day-online.com/wp-content/themes/PsyPlay/images/darrowdown.html]
[soap2day-online.com/wp-content/themes/PsyPlay/images/darrowup.html]
[soap2day-online.com/wp-content/themes/PsyPlay/images/arrowdown.html]
[soap2day-online.com/wp-content/themes/PsyPlay/images/arrowup.html]
[soap2day-online.com/wp-content/plugins/wp-postviews/postviews-cache05fe.js]
[soap2day-online.com/index5757.html]
